src/modules/mission/mission.service.ts(101,21): error TS2352: Conversion of type 'string | number | boolean | JsonObject | JsonArray | null' to type 'SurveyArea' may be a mistake because neither type sufficiently overlaps with the other. If this was intentional, convert the expression to 'unknown' first.
  Type 'JsonValue[]' is missing the following properties from type 'SurveyArea': type, coordinates
src/modules/mission/mission.service.ts(324,12): error TS2352: Conversion of type 'string | number | boolean | JsonObject | JsonArray | null' to type 'Coordinate[]' may be a mistake because neither type sufficiently overlaps with the other. If this was intentional, convert the expression to 'unknown' first.
  Type 'JsonArray' is not comparable to type 'Coordinate[]'.
    Type 'JsonValue' is not comparable to type 'Coordinate'.
      Type 'JsonValue[]' is missing the following properties from type 'Coordinate': lat, lng
